#-----------------------------------------------------------
# PlanAhead v14.7 (64-bit)
# Build 321239 by xbuild on Fri Sep 27 19:24:36 MDT 2013
# Start of session at: Fri Nov 24 11:29:58 2017
# Process ID: 12664
# Log file: /home/lechuzin/Facultad/Trabajo Final/lechuzing/Cyclon6/planAhead_run_2/planAhead.log
# Journal file: /home/lechuzin/Facultad/Trabajo Final/lechuzing/Cyclon6/planAhead_run_2/planAhead.jou
#-----------------------------------------------------------
start_gui
source {/home/lechuzin/Facultad/Trabajo Final/lechuzing/Cyclon6/pa.fromNetlist.tcl}
set_property iostandard LVTTL [get_ports [list {fdata[15]}]]
set_property iostandard LVTTL [get_ports [list {fdata[14]}]]
set_property iostandard LVTTL [get_ports [list {fdata[13]}]]
set_property iostandard LVTTL [get_ports [list {fdata[12]}]]
set_property iostandard LVCMOS25 [get_ports [list {fdata[10]}]]
set_property iostandard LVTTL [get_ports [list {fdata[11]}]]
set_property iostandard LVTTL [get_ports [list {fdata[8]}]]
set_property iostandard LVTTL [get_ports [list {fdata[9]}]]
set_property iostandard LVTTL [get_ports [list {fdata[6]}]]
set_property iostandard LVTTL [get_ports [list {fdata[7]}]]
set_property iostandard LVTTL [get_ports [list {fdata[4]}]]
set_property iostandard LVTTL [get_ports [list {fdata[2]}]]
set_property iostandard LVTTL [get_ports [list {fdata[5]}]]
set_property iostandard LVTTL [get_ports [list {fdata[1]}]]
set_property iostandard LVTTL [get_ports [list {fdata[3]}]]
set_property iostandard LVTTL [get_ports [list {fdata[10]}]]
set_property iostandard LVTTL [get_ports [list {fdata[0]}]]
set_property iostandard LVTTL [get_ports [list {faddr[1]} {faddr[0]}]]
set_property iostandard LVTTL [get_ports [list {data_in[15]} {data_in[14]} {data_in[13]} {data_in[12]} {data_in[11]} {data_in[10]} {data_in[9]} {data_in[8]} {data_in[7]} {data_in[6]} {data_in[5]} {data_in[4]} {data_in[3]} {data_in[2]} {data_in[1]} {data_in[0]}]]
set_property iostandard LVTTL [get_ports [list {data_out[15]} {data_out[14]} {data_out[13]} {data_out[12]} {data_out[11]} {data_out[10]} {data_out[9]} {data_out[8]} {data_out[7]} {data_out[6]} {data_out[5]} {data_out[4]} {data_out[3]} {data_out[2]} {data_out[1]} {data_out[0]}]]
set_property iostandard LVTTL [get_ports [list clk_out]]
set_property iostandard LVTTL [get_ports [list flaga]]
set_property iostandard LVTTL [get_ports [list done]]
set_property iostandard LVTTL [get_ports [list flagc]]
set_property iostandard LVTTL [get_ports [list flagb]]
set_property iostandard LVTTL [get_ports [list pktend]]
set_property iostandard LVTTL [get_ports [list flagd]]
set_property iostandard LVTTL [get_ports [list sloe]]
set_property iostandard LVTTL [get_ports [list send_req]]
set_property iostandard LVTTL [get_ports [list slwr]]
set_property iostandard LVTTL [get_ports [list slrd]]
