Release 14.7 - xst P.20131013 (lin64)
Copyright (c) 1995-2013 Xilinx, Inc.  All rights reserved.
--> 
Parameter TMPDIR set to xst/projnav.tmp


Total REAL time to Xst completion: 0.00 secs
Total CPU time to Xst completion: 0.04 secs
 
--> 
Parameter xsthdpdir set to xst


Total REAL time to Xst completion: 0.00 secs
Total CPU time to Xst completion: 0.04 secs
 
--> 
Reading design: fx2lp_interface_top.prj

TABLE OF CONTENTS
  1) Synthesis Options Summary
  2) HDL Parsing
  3) HDL Elaboration
  4) HDL Synthesis
       4.1) HDL Synthesis Report
  5) Advanced HDL Synthesis
       5.1) Advanced HDL Synthesis Report
  6) Low Level Synthesis
  7) Partition Report
  8) Design Summary
       8.1) Primitive and Black Box Usage
       8.2) Device utilization summary
       8.3) Partition Resource Summary
       8.4) Timing Report
            8.4.1) Clock Information
            8.4.2) Asynchronous Control Signals Information
            8.4.3) Timing Summary
            8.4.4) Timing Details
            8.4.5) Cross Clock Domains Report


=========================================================================
*                      Synthesis Options Summary                        *
=========================================================================
---- Source Parameters
Input File Name                    : "fx2lp_interface_top.prj"
Ignore Synthesis Constraint File   : NO

---- Target Parameters
Output File Name                   : "fx2lp_interface_top"
Output Format                      : NGC
Target Device                      : xc6slx9-2-tqg144

---- Source Options
Top Module Name                    : fx2lp_interface_top
Automatic FSM Extraction           : YES
FSM Encoding Algorithm             : Auto
Safe Implementation                : No
FSM Style                          : LUT
RAM Extraction                     : Yes
RAM Style                          : Auto
ROM Extraction                     : Yes
Shift Register Extraction          : YES
ROM Style                          : Auto
Resource Sharing                   : YES
Asynchronous To Synchronous        : NO
Shift Register Minimum Size        : 2
Use DSP Block                      : Auto
Automatic Register Balancing       : No

---- Target Options
LUT Combining                      : Auto
Reduce Control Sets                : Auto
Add IO Buffers                     : YES
Global Maximum Fanout              : 100000
Add Generic Clock Buffer(BUFG)     : 16
Register Duplication               : YES
Optimize Instantiated Primitives   : NO
Use Clock Enable                   : Auto
Use Synchronous Set                : Auto
Use Synchronous Reset              : Auto
Pack IO Registers into IOBs        : Auto
Equivalent register Removal        : YES

---- General Options
Optimization Goal                  : Speed
Optimization Effort                : 1
Power Reduction                    : NO
Keep Hierarchy                     : No
Netlist Hierarchy                  : As_Optimized
RTL Output                         : Yes
Global Optimization                : AllClockNets
Read Cores                         : YES
Write Timing Constraints           : NO
Cross Clock Analysis               : NO
Hierarchy Separator                : /
Bus Delimiter                      : <>
Case Specifier                     : Maintain
Slice Utilization Ratio            : 100
BRAM Utilization Ratio             : 100
DSP48 Utilization Ratio            : 100
Auto BRAM Packing                  : NO
Slice Utilization Ratio Delta      : 5

=========================================================================


=========================================================================
*                          HDL Parsing                                  *
=========================================================================
Parsing VHDL file "/home/lechuzin/Facultad/Trabajo Final/lechuzing/Cyclon6/ipcore_dir/clk_wiz_v3_6.vhd" into library work
Parsing entity <clk_wiz_v3_6>.
Parsing architecture <xilinx> of entity <clk_wiz_v3_6>.
Parsing VHDL file "/home/lechuzin/Facultad/Trabajo Final/lechuzing/Cyclon6/fifo_512x8.vhd" into library work
Parsing entity <fifo_512x8>.
Parsing architecture <fifo_arch> of entity <fifo_512x8>.
Parsing VHDL file "/home/lechuzin/Facultad/Trabajo Final/lechuzing/Cyclon6/fx2lp_interface_top.vhd" into library work
Parsing entity <fx2lp_interface_top>.
Parsing architecture <fx2lp_interface_arq> of entity <fx2lp_interface_top>.
WARNING:HDLCompiler:946 - "/home/lechuzin/Facultad/Trabajo Final/lechuzing/Cyclon6/fx2lp_interface_top.vhd" Line 117: Actual for formal port c1 is neither a static name nor a globally static expression

=========================================================================
*                            HDL Elaboration                            *
=========================================================================

Elaborating entity <fx2lp_interface_top> (architecture <fx2lp_interface_arq>) with generics from library <work>.

Elaborating entity <clk_wiz_v3_6> (architecture <xilinx>) from library <work>.

Elaborating entity <fifo_512x8> (architecture <fifo_arch>) from library <work>.
INFO:HDLCompiler:679 - "/home/lechuzin/Facultad/Trabajo Final/lechuzing/Cyclon6/fifo_512x8.vhd" Line 147. Case statement is complete. others clause is never selected
INFO:HDLCompiler:679 - "/home/lechuzin/Facultad/Trabajo Final/lechuzing/Cyclon6/fifo_512x8.vhd" Line 161. Case statement is complete. others clause is never selected
WARNING:HDLCompiler:1127 - "/home/lechuzin/Facultad/Trabajo Final/lechuzing/Cyclon6/fx2lp_interface_top.vhd" Line 159: Assignment to write_empty_flag ignored, since the identifier is never used
WARNING:HDLCompiler:1127 - "/home/lechuzin/Facultad/Trabajo Final/lechuzing/Cyclon6/fx2lp_interface_top.vhd" Line 160: Assignment to read_full_flag ignored, since the identifier is never used
WARNING:HDLCompiler:92 - "/home/lechuzin/Facultad/Trabajo Final/lechuzing/Cyclon6/fx2lp_interface_top.vhd" Line 200: write_req should be on the sensitivity list of the process
INFO:HDLCompiler:679 - "/home/lechuzin/Facultad/Trabajo Final/lechuzing/Cyclon6/fx2lp_interface_top.vhd" Line 248. Case statement is complete. others clause is never selected

=========================================================================
*                           HDL Synthesis                               *
=========================================================================

Synthesizing Unit <fx2lp_interface_top>.
    Related source file is "/home/lechuzin/Facultad/Trabajo Final/lechuzing/Cyclon6/fx2lp_interface_top.vhd".
        in_ep_addr = "00"
        out_ep_addr = "11"
        port_width = 15
WARNING:Xst:647 - Input <data_in> is never used. This port will be preserved and left unconnected if it belongs to a top-level block or it belongs to a sub-block and the hierarchy of this sub-block is preserved.
WARNING:Xst:647 - Input <flagb> is never used. This port will be preserved and left unconnected if it belongs to a top-level block or it belongs to a sub-block and the hierarchy of this sub-block is preserved.
WARNING:Xst:647 - Input <flagc> is never used. This port will be preserved and left unconnected if it belongs to a top-level block or it belongs to a sub-block and the hierarchy of this sub-block is preserved.
INFO:Xst:3210 - "/home/lechuzin/Facultad/Trabajo Final/lechuzing/Cyclon6/fx2lp_interface_top.vhd" line 123: Output port <CLK_OUT1> of the instance <pll> is unconnected or connected to loadless signal.
INFO:Xst:3210 - "/home/lechuzin/Facultad/Trabajo Final/lechuzing/Cyclon6/fx2lp_interface_top.vhd" line 123: Output port <CLK_OUT4> of the instance <pll> is unconnected or connected to loadless signal.
INFO:Xst:3210 - "/home/lechuzin/Facultad/Trabajo Final/lechuzing/Cyclon6/fx2lp_interface_top.vhd" line 123: Output port <LOCKED> of the instance <pll> is unconnected or connected to loadless signal.
    Found 4-bit register for signal <curr_state>.
    Found finite state machine <FSM_0> for signal <curr_state>.
    -----------------------------------------------------------------------
    | States             | 9                                              |
    | Transitions        | 18                                             |
    | Inputs             | 3                                              |
    | Outputs            | 6                                              |
    | Clock              | pll_90 (rising_edge)                           |
    | Reset              | reset (positive)                               |
    | Reset type         | asynchronous                                   |
    | Reset State        | idle                                           |
    | Power Up State     | idle                                           |
    | Encoding           | auto                                           |
    | Implementation     | LUT                                            |
    -----------------------------------------------------------------------
    Found 1-bit tristate buffer for signal <faddr_int<1>> created at line 168
    Found 1-bit tristate buffer for signal <faddr_int<0>> created at line 168
    Found 1-bit tristate buffer for signal <fdata<15>> created at line 182
    Found 1-bit tristate buffer for signal <fdata<14>> created at line 182
    Found 1-bit tristate buffer for signal <fdata<13>> created at line 182
    Found 1-bit tristate buffer for signal <fdata<12>> created at line 182
    Found 1-bit tristate buffer for signal <fdata<11>> created at line 182
    Found 1-bit tristate buffer for signal <fdata<10>> created at line 182
    Found 1-bit tristate buffer for signal <fdata<9>> created at line 182
    Found 1-bit tristate buffer for signal <fdata<8>> created at line 182
    Found 1-bit tristate buffer for signal <fdata<7>> created at line 182
    Found 1-bit tristate buffer for signal <fdata<6>> created at line 182
    Found 1-bit tristate buffer for signal <fdata<5>> created at line 182
    Found 1-bit tristate buffer for signal <fdata<4>> created at line 182
    Found 1-bit tristate buffer for signal <fdata<3>> created at line 182
    Found 1-bit tristate buffer for signal <fdata<2>> created at line 182
    Found 1-bit tristate buffer for signal <fdata<1>> created at line 182
    Found 1-bit tristate buffer for signal <fdata<0>> created at line 182
    Found 1-bit tristate buffer for signal <fdata_in<15>> created at line 184
    Found 1-bit tristate buffer for signal <fdata_in<14>> created at line 184
    Found 1-bit tristate buffer for signal <fdata_in<13>> created at line 184
    Found 1-bit tristate buffer for signal <fdata_in<12>> created at line 184
    Found 1-bit tristate buffer for signal <fdata_in<11>> created at line 184
    Found 1-bit tristate buffer for signal <fdata_in<10>> created at line 184
    Found 1-bit tristate buffer for signal <fdata_in<9>> created at line 184
    Found 1-bit tristate buffer for signal <fdata_in<8>> created at line 184
    Found 1-bit tristate buffer for signal <fdata_in<7>> created at line 184
    Found 1-bit tristate buffer for signal <fdata_in<6>> created at line 184
    Found 1-bit tristate buffer for signal <fdata_in<5>> created at line 184
    Found 1-bit tristate buffer for signal <fdata_in<4>> created at line 184
    Found 1-bit tristate buffer for signal <fdata_in<3>> created at line 184
    Found 1-bit tristate buffer for signal <fdata_in<2>> created at line 184
    Found 1-bit tristate buffer for signal <fdata_in<1>> created at line 184
    Found 1-bit tristate buffer for signal <fdata_in<0>> created at line 184
    Summary:
	inferred  34 Tristate(s).
	inferred   1 Finite State Machine(s).
Unit <fx2lp_interface_top> synthesized.

Synthesizing Unit <clk_wiz_v3_6>.
    Related source file is "/home/lechuzin/Facultad/Trabajo Final/lechuzing/Cyclon6/ipcore_dir/clk_wiz_v3_6.vhd".
    Summary:
	no macro.
Unit <clk_wiz_v3_6> synthesized.

Synthesizing Unit <fifo_512x8>.
    Related source file is "/home/lechuzin/Facultad/Trabajo Final/lechuzing/Cyclon6/fifo_512x8.vhd".
    Found 512x16-bit dual-port RAM <Mram_data_array> for signal <data_array>.
    Found 1-bit register for signal <fifo_empty_s>.
    Found 9-bit register for signal <read_ptr>.
    Found 9-bit register for signal <write_ptr>.
    Found 10-bit register for signal <write_occupancy>.
    Found 10-bit register for signal <read_occupancy>.
    Found 1-bit register for signal <write_busy_d>.
    Found 1-bit register for signal <fifo_full_s>.
    Found 16-bit register for signal <dout>.
    Found 9-bit adder for signal <write_ptr[8]_GND_16_o_add_1_OUT> created at line 59.
    Found 9-bit adder for signal <read_ptr[8]_GND_16_o_add_4_OUT> created at line 78.
    Found 10-bit adder for signal <read_occupancy[9]_GND_16_o_add_15_OUT> created at line 145.
    Found 10-bit adder for signal <write_occupancy[9]_GND_16_o_add_19_OUT> created at line 159.
    Found 10-bit subtractor for signal <GND_16_o_GND_16_o_sub_15_OUT<9:0>> created at line 144.
    Found 10-bit subtractor for signal <GND_16_o_GND_16_o_sub_19_OUT<9:0>> created at line 158.
    Found 10-bit 4-to-1 multiplexer for signal <read_occ_case_sel[1]_read_occupancy[9]_wide_mux_16_OUT> created at line 142.
    Found 10-bit 4-to-1 multiplexer for signal <write_occ_case_sel[1]_write_occupancy[9]_wide_mux_20_OUT> created at line 156.
    Summary:
	inferred   1 RAM(s).
	inferred   4 Adder/Subtractor(s).
	inferred  57 D-type flip-flop(s).
	inferred  11 Multiplexer(s).
Unit <fifo_512x8> synthesized.

=========================================================================
HDL Synthesis Report

Macro Statistics
# RAMs                                                 : 1
 512x16-bit dual-port RAM                              : 1
# Adders/Subtractors                                   : 4
 10-bit addsub                                         : 2
 9-bit adder                                           : 2
# Registers                                            : 8
 1-bit register                                        : 3
 10-bit register                                       : 2
 16-bit register                                       : 1
 9-bit register                                        : 2
# Multiplexers                                         : 11
 10-bit 2-to-1 multiplexer                             : 8
 9-bit 2-to-1 multiplexer                              : 3
# Tristates                                            : 34
 1-bit tristate buffer                                 : 34
# FSMs                                                 : 1

=========================================================================
INFO:Xst:1767 - HDL ADVISOR - Resource sharing has identified that some arithmetic operations in this design can share the same physical resources for reduced device utilization. For improved clock frequency you may try to disable resource sharing.

=========================================================================
*                       Advanced HDL Synthesis                          *
=========================================================================


Synthesizing (advanced) Unit <fifo_512x8>.
The following registers are absorbed into accumulator <write_occupancy>: 1 register on signal <write_occupancy>.
The following registers are absorbed into accumulator <read_occupancy>: 1 register on signal <read_occupancy>.
The following registers are absorbed into accumulator <read_ptr>: 1 register on signal <read_ptr>.
The following registers are absorbed into accumulator <write_ptr>: 1 register on signal <write_ptr>.
INFO:Xst:3226 - The RAM <Mram_data_array> will be implemented as a BLOCK RAM, absorbing the following register(s): <dout>
    -----------------------------------------------------------------------
    | ram_type           | Block                               |          |
    -----------------------------------------------------------------------
    | Port A                                                              |
    |     aspect ratio   | 512-word x 16-bit                   |          |
    |     mode           | read-first                          |          |
    |     clkA           | connected to signal <fifo_clk>      | rise     |
    |     weA            | connected to signal <write_busy>    | high     |
    |     addrA          | connected to signal <write_ptr>     |          |
    |     diA            | connected to signal <din>           |          |
    -----------------------------------------------------------------------
    | optimization       | speed                               |          |
    -----------------------------------------------------------------------
    | Port B                                                              |
    |     aspect ratio   | 512-word x 16-bit                   |          |
    |     mode           | write-first                         |          |
    |     clkB           | connected to signal <fifo_clk>      | rise     |
    |     addrB          | connected to signal <("0",read_index)> |          |
    |     doB            | connected to signal <dout>          |          |
    -----------------------------------------------------------------------
    | optimization       | speed                               |          |
    -----------------------------------------------------------------------
Unit <fifo_512x8> synthesized (advanced).

=========================================================================
Advanced HDL Synthesis Report

Macro Statistics
# RAMs                                                 : 1
 512x16-bit dual-port block RAM                        : 1
# Adders/Subtractors                                   : 3
 10-bit addsub                                         : 2
 9-bit adder                                           : 1
# Accumulators                                         : 4
 10-bit updown loadable accumulator                    : 2
 9-bit up loadable accumulator                         : 2
# Registers                                            : 3
 Flip-Flops                                            : 3
# Multiplexers                                         : 10
 10-bit 2-to-1 multiplexer                             : 8
 9-bit 2-to-1 multiplexer                              : 2
# FSMs                                                 : 1

=========================================================================

=========================================================================
*                         Low Level Synthesis                           *
=========================================================================
Analyzing FSM <MFsm> for best encoding.
Optimizing FSM <FSM_0> on signal <curr_state[1:4]> with gray encoding.
-----------------------------
 State           | Encoding
-----------------------------
 idle            | 0000
 read_addr       | 0011
 read_wait_empty | 0010
 read_read       | 0110
 read_end        | 0111
 write_addr      | 0001
 write_no_full   | 0101
 write_write     | 0100
 write_end       | 1100
-----------------------------
WARNING:Xst:2677 - Node <read_ptr_8> of sequential type is unconnected in block <fifo_512x8>.
WARNING:Xst:2042 - Unit fx2lp_interface_top: 16 internal tristates are replaced by logic (pull-up yes): fdata_in<0>, fdata_in<10>, fdata_in<11>, fdata_in<12>, fdata_in<13>, fdata_in<14>, fdata_in<15>, fdata_in<1>, fdata_in<2>, fdata_in<3>, fdata_in<4>, fdata_in<5>, fdata_in<6>, fdata_in<7>, fdata_in<8>, fdata_in<9>.

Optimizing unit <fx2lp_interface_top> ...

Optimizing unit <fifo_512x8> ...

Mapping all equations...
Building and optimizing final netlist ...
Found area constraint ratio of 100 (+ 5) on block fx2lp_interface_top, actual ratio is 2.
FlipFlop curr_state_FSM_FFd2 has been replicated 3 time(s)
FlipFlop curr_state_FSM_FFd3 has been replicated 1 time(s)
FlipFlop curr_state_FSM_FFd4 has been replicated 1 time(s)

Final Macro Processing ...

=========================================================================
Final Register Report

Macro Statistics
# Registers                                            : 49
 Flip-Flops                                            : 49

=========================================================================

=========================================================================
*                           Partition Report                            *
=========================================================================

Partition Implementation Status
-------------------------------

  No Partitions were found in this design.

-------------------------------

=========================================================================
*                            Design Summary                             *
=========================================================================

Top Level Output File Name         : fx2lp_interface_top.ngc

Primitive and Black Box Usage:
------------------------------
# BELS                             : 162
#      GND                         : 1
#      INV                         : 2
#      LUT2                        : 3
#      LUT3                        : 4
#      LUT4                        : 47
#      LUT5                        : 34
#      LUT6                        : 32
#      MUXCY                       : 18
#      VCC                         : 1
#      XORCY                       : 20
# FlipFlops/Latches                : 50
#      FDC                         : 48
#      FDP                         : 1
#      ODDR2                       : 1
# RAMS                             : 1
#      RAMB8BWER                   : 1
# Clock Buffers                    : 4
#      BUFG                        : 4
# IO Buffers                       : 28
#      IBUF                        : 4
#      IBUFG                       : 1
#      IOBUF                       : 16
#      OBUF                        : 5
#      OBUFT                       : 2
# DCMs                             : 1
#      DCM_SP                      : 1

Device utilization summary:
---------------------------

Selected Device : 6slx9tqg144-2 


Slice Logic Utilization: 
 Number of Slice Registers:              50  out of  11440     0%  
 Number of Slice LUTs:                  122  out of   5720     2%  
    Number used as Logic:               122  out of   5720     2%  

Slice Logic Distribution: 
 Number of LUT Flip Flop pairs used:    128
   Number with an unused Flip Flop:      78  out of    128    60%  
   Number with an unused LUT:             6  out of    128     4%  
   Number of fully used LUT-FF pairs:    44  out of    128    34%  
   Number of unique control sets:         2

IO Utilization: 
 Number of IOs:                          63
 Number of bonded IOBs:                  28  out of    102    27%  

Specific Feature Utilization:
 Number of Block RAM/FIFO:                1  out of     32     3%  
    Number using Block RAM only:          1
 Number of BUFG/BUFGCTRLs:                4  out of     16    25%  

---------------------------
Partition Resource Summary:
---------------------------

  No Partitions were found in this design.

---------------------------


=========================================================================
Timing Report

NOTE: THESE TIMING NUMBERS ARE ONLY A SYNTHESIS ESTIMATE.
      FOR ACCURATE TIMING INFORMATION PLEASE REFER TO THE TRACE REPORT
      GENERATED AFTER PLACE-and-ROUTE.

Clock Information:
------------------
-----------------------------------+------------------------+-------+
Clock Signal                       | Clock buffer(FF name)  | Load  |
-----------------------------------+------------------------+-------+
clk_in                             | DCM_SP:CLK90           | 50    |
clk_in                             | DCM_SP:CLK180          | 2     |
-----------------------------------+------------------------+-------+

Asynchronous Control Signals Information:
----------------------------------------
No asynchronous control signals found in this design

Timing Summary:
---------------
Speed Grade: -2

   Minimum period: 4.470ns (Maximum Frequency: 223.714MHz)
   Minimum input arrival time before clock: 4.702ns
   Maximum output required time after clock: 7.206ns
   Maximum combinational path delay: No path found

Timing Details:
---------------
All values displayed in nanoseconds (ns)

=========================================================================
Timing constraint: Default period analysis for Clock 'clk_in'
  Clock period: 4.470ns (frequency: 223.714MHz)
  Total number of paths / destination ports: 1476 / 84
-------------------------------------------------------------------------
Delay:               4.470ns (Levels of Logic = 2)
  Source:            fifo/read_ptr_3 (FF)
  Destination:       fifo/Mram_data_array (RAM)
  Source Clock:      clk_in rising +90
  Destination Clock: clk_in rising +90

  Data Path: fifo/read_ptr_3 to fifo/Mram_data_array
                                Gate     Net
    Cell:in->out      fanout   Delay   Delay  Logical Name (Net Name)
    ----------------------------------------  ------------
     FDC:C->Q              5   0.525   1.271  fifo/read_ptr_3 (fifo/read_ptr_3)
     LUT5:I0->O            6   0.254   1.104  fifo/Result<4>21 (fifo/Result<4>_bdd2)
     LUT6:I3->O            1   0.235   0.681  fifo/read_index<6>1 (fifo/read_index<6>)
     RAMB8BWER:ADDRBRDADDR10        0.400          fifo/Mram_data_array
    ----------------------------------------
    Total                      4.470ns (1.414ns logic, 3.056ns route)
                                       (31.6% logic, 68.4% route)

=========================================================================
Timing constraint: Default OFFSET IN BEFORE for Clock 'clk_in'
  Total number of paths / destination ports: 81 / 73
-------------------------------------------------------------------------
Offset:              4.702ns (Levels of Logic = 2)
  Source:            reset (PAD)
  Destination:       fifo/read_occupancy_9 (FF)
  Destination Clock: clk_in rising +90

  Data Path: reset to fifo/read_occupancy_9
                                Gate     Net
    Cell:in->out      fanout   Delay   Delay  Logical Name (Net Name)
    ----------------------------------------  ------------
     IBUF:I->O            10   1.328   1.007  reset_IBUF (reset_IBUF)
     INV:I->O             40   0.255   1.653  fifo/reset_al_inv1_INV_0 (fifo/reset_al_inv)
     FDC:CLR                   0.459          fifo/write_busy_d
    ----------------------------------------
    Total                      4.702ns (2.042ns logic, 2.660ns route)
                                       (43.4% logic, 56.6% route)

=========================================================================
Timing constraint: Default OFFSET OUT AFTER for Clock 'clk_in'
  Total number of paths / destination ports: 101 / 21
-------------------------------------------------------------------------
Offset:              7.206ns (Levels of Logic = 2)
  Source:            curr_state_FSM_FFd4 (FF)
  Destination:       fdata<15> (PAD)
  Source Clock:      clk_in rising +90

  Data Path: curr_state_FSM_FFd4 to fdata<15>
                                Gate     Net
    Cell:in->out      fanout   Delay   Delay  Logical Name (Net Name)
    ----------------------------------------  ------------
     FDC:C->Q             77   0.525   2.307  curr_state_FSM_FFd4 (curr_state_FSM_FFd4)
     LUT4:I0->O           17   0.254   1.208  GND_6_o_curr_state[3]_equal_10_o_inv11 (GND_6_o_curr_state[3]_equal_10_o_inv1)
     OBUF:I->O                 2.912          slwr_OBUF (slwr)
    ----------------------------------------
    Total                      7.206ns (3.691ns logic, 3.515ns route)
                                       (51.2% logic, 48.8% route)

=========================================================================

Cross Clock Domains Report:
--------------------------

Clock to Setup on destination clock clk_in
---------------+---------+---------+---------+---------+
               | Src:Rise| Src:Fall| Src:Rise| Src:Fall|
Source Clock   |Dest:Rise|Dest:Rise|Dest:Fall|Dest:Fall|
---------------+---------+---------+---------+---------+
clk_in         |    4.470|         |         |         |
---------------+---------+---------+---------+---------+

=========================================================================


Total REAL time to Xst completion: 7.00 secs
Total CPU time to Xst completion: 6.45 secs
 
--> 


Total memory usage is 406660 kilobytes

Number of errors   :    0 (   0 filtered)
Number of warnings :    9 (   0 filtered)
Number of infos    :    5 (   0 filtered)

